[0.000000] (-) TimerEvent: {}
[0.000780] (rqt_abc) JobQueued: {'identifier': 'rqt_abc', 'dependencies': OrderedDict()}
[0.001908] (rqt_abc) JobStarted: {'identifier': 'rqt_abc'}
[0.017822] (rqt_abc) JobProgress: {'identifier': 'rqt_abc', 'progress': 'cmake'}
[0.018275] (rqt_abc) Command: {'cmd': ['/usr/bin/cmake', '/home/yugo/ros2_ws/src/rqt_abc', '-DCMAKE_INSTALL_PREFIX=/home/yugo/ros2_ws/src/rqt_abc/install/rqt_abc'], 'cwd': '/home/yugo/ros2_ws/src/rqt_abc/build/rqt_abc', 'env': OrderedDict([('LESSOPEN', '| /usr/bin/lesspipe %s'), ('USER', 'yugo'), ('SHLVL', '1'), ('LD_LIBRARY_PATH', '/opt/ros/humble/opt/rviz_ogre_vendor/lib:/opt/ros/humble/lib/x86_64-linux-gnu:/opt/ros/humble/lib'), ('WT_PROFILE_ID', '{51855cb2-8cce-5362-8f54-464b92b32386}'), ('MOTD_SHOWN', 'update-motd'), ('HOME', '/home/yugo'), ('OLDPWD', '/home/yugo/ros2_ws/src/rqt_abc/scripts'), ('ROS_PYTHON_VERSION', '3'), ('DBUS_SESSION_BUS_ADDRESS', 'unix:path=/run/user/1000/bus'), ('WSL_DISTRO_NAME', 'Ubuntu'), ('WAYLAND_DISPLAY', 'wayland-0'), ('COLCON_PREFIX_PATH', '/home/yugo/ros2_ws/install'), ('ROS_DISTRO', 'humble'), ('LOGNAME', 'yugo'), ('NAME', 'DESKTOP-E6KV61B'), ('WSL_INTEROP', '/run/WSL/597_interop'), ('PULSE_SERVER', 'unix:/mnt/wslg/PulseServer'), ('_', '/usr/bin/colcon'), ('ROS_VERSION', '2'), ('TERM', 'xterm-256color'), ('ROS_LOCALHOST_ONLY', '0'), ('PATH', '/opt/ros/humble/bin:/usr/local/sbin:/usr/local/bin:/usr/sbin:/usr/bin:/sbin:/bin:/usr/games:/usr/local/games:/usr/lib/wsl/lib:/mnt/c/WINDOWS/system32:/mnt/c/WINDOWS:/mnt/c/WINDOWS/System32/Wbem:/mnt/c/WINDOWS/System32/WindowsPowerShell/v1.0/:/mnt/c/WINDOWS/System32/OpenSSH/:/mnt/c/Program Files/MATLAB/R2024a/bin:/mnt/c/Users/國嶋悠悟/AppData/Local/Microsoft/WindowsApps:/snap/bin'), ('WT_SESSION', '83016486-4eff-4176-bfac-c662fa7faa5a'), ('XDG_RUNTIME_DIR', '/run/user/1000/'), ('DISPLAY', ':0'), ('LANG', 'ja_JP.UTF-8'), ('LS_COLORS', 'rs=0:di=01;34:ln=01;36:mh=00:pi=40;33:so=01;35:do=01;35:bd=40;33;01:cd=40;33;01:or=40;31;01:mi=00:su=37;41:sg=30;43:ca=30;41:tw=30;42:ow=34;42:st=37;44:ex=01;32:*.tar=01;31:*.tgz=01;31:*.arc=01;31:*.arj=01;31:*.taz=01;31:*.lha=01;31:*.lz4=01;31:*.lzh=01;31:*.lzma=01;31:*.tlz=01;31:*.txz=01;31:*.tzo=01;31:*.t7z=01;31:*.zip=01;31:*.z=01;31:*.dz=01;31:*.gz=01;31:*.lrz=01;31:*.lz=01;31:*.lzo=01;31:*.xz=01;31:*.zst=01;31:*.tzst=01;31:*.bz2=01;31:*.bz=01;31:*.tbz=01;31:*.tbz2=01;31:*.tz=01;31:*.deb=01;31:*.rpm=01;31:*.jar=01;31:*.war=01;31:*.ear=01;31:*.sar=01;31:*.rar=01;31:*.alz=01;31:*.ace=01;31:*.zoo=01;31:*.cpio=01;31:*.7z=01;31:*.rz=01;31:*.cab=01;31:*.wim=01;31:*.swm=01;31:*.dwm=01;31:*.esd=01;31:*.jpg=01;35:*.jpeg=01;35:*.mjpg=01;35:*.mjpeg=01;35:*.gif=01;35:*.bmp=01;35:*.pbm=01;35:*.pgm=01;35:*.ppm=01;35:*.tga=01;35:*.xbm=01;35:*.xpm=01;35:*.tif=01;35:*.tiff=01;35:*.png=01;35:*.svg=01;35:*.svgz=01;35:*.mng=01;35:*.pcx=01;35:*.mov=01;35:*.mpg=01;35:*.mpeg=01;35:*.m2v=01;35:*.mkv=01;35:*.webm=01;35:*.webp=01;35:*.ogm=01;35:*.mp4=01;35:*.m4v=01;35:*.mp4v=01;35:*.vob=01;35:*.qt=01;35:*.nuv=01;35:*.wmv=01;35:*.asf=01;35:*.rm=01;35:*.rmvb=01;35:*.flc=01;35:*.avi=01;35:*.fli=01;35:*.flv=01;35:*.gl=01;35:*.dl=01;35:*.xcf=01;35:*.xwd=01;35:*.yuv=01;35:*.cgm=01;35:*.emf=01;35:*.ogv=01;35:*.ogx=01;35:*.aac=00;36:*.au=00;36:*.flac=00;36:*.m4a=00;36:*.mid=00;36:*.midi=00;36:*.mka=00;36:*.mp3=00;36:*.mpc=00;36:*.ogg=00;36:*.ra=00;36:*.wav=00;36:*.oga=00;36:*.opus=00;36:*.spx=00;36:*.xspf=00;36:'), ('AMENT_PREFIX_PATH', '/home/yugo/ros2_ws/install/rqt_a:/home/yugo/ros2_ws/install/my_rqt_plugin:/opt/ros/humble'), ('SHELL', '/bin/bash'), ('LESSCLOSE', '/usr/bin/lesspipe %s %s'), ('PWD', '/home/yugo/ros2_ws/src/rqt_abc/build/rqt_abc'), ('XDG_DATA_DIRS', '/usr/local/share:/usr/share:/var/lib/snapd/desktop'), ('PYTHONPATH', '/home/yugo/ros2_ws/install/rqt_a/local/lib/python3.10/dist-packages:/opt/ros/humble/lib/python3.10/site-packages:/opt/ros/humble/local/lib/python3.10/dist-packages'), ('COLCON', '1'), ('WSL2_GUI_APPS_ENABLED', '1'), ('HOSTTYPE', 'x86_64'), ('CMAKE_PREFIX_PATH', '/home/yugo/ros2_ws/install/rqt_a:/home/yugo/ros2_ws/install/my_rqt_plugin'), ('WSLENV', 'WT_SESSION:WT_PROFILE_ID:')]), 'shell': False}
[0.100121] (-) TimerEvent: {}
[0.200493] (-) TimerEvent: {}
[0.300884] (-) TimerEvent: {}
[0.383706] (rqt_abc) StdoutLine: {'line': b'-- The C compiler identification is GNU 11.4.0\n'}
[0.401109] (-) TimerEvent: {}
[0.501603] (-) TimerEvent: {}
[0.602137] (-) TimerEvent: {}
[0.702612] (-) TimerEvent: {}
[0.717782] (rqt_abc) StdoutLine: {'line': b'-- The CXX compiler identification is GNU 11.4.0\n'}
[0.802714] (-) TimerEvent: {}
[0.832532] (rqt_abc) StdoutLine: {'line': b'-- Detecting C compiler ABI info\n'}
[0.902889] (-) TimerEvent: {}
[0.944985] (rqt_abc) StdoutLine: {'line': b'-- Detecting C compiler ABI info - done\n'}
[0.951323] (rqt_abc) StdoutLine: {'line': b'-- Check for working C compiler: /usr/bin/cc - skipped\n'}
[0.952316] (rqt_abc) StdoutLine: {'line': b'-- Detecting C compile features\n'}
[0.953120] (rqt_abc) StdoutLine: {'line': b'-- Detecting C compile features - done\n'}
[0.958265] (rqt_abc) StdoutLine: {'line': b'-- Detecting CXX compiler ABI info\n'}
[1.003040] (-) TimerEvent: {}
[1.061662] (rqt_abc) StdoutLine: {'line': b'-- Detecting CXX compiler ABI info - done\n'}
[1.068204] (rqt_abc) StdoutLine: {'line': b'-- Check for working CXX compiler: /usr/bin/c++ - skipped\n'}
[1.068593] (rqt_abc) StdoutLine: {'line': b'-- Detecting CXX compile features\n'}
[1.069139] (rqt_abc) StdoutLine: {'line': b'-- Detecting CXX compile features - done\n'}
[1.088014] (rqt_abc) StdoutLine: {'line': b'-- Found ament_cmake: 1.3.9 (/opt/ros/humble/share/ament_cmake/cmake)\n'}
[1.103267] (-) TimerEvent: {}
[1.203773] (-) TimerEvent: {}
[1.278871] (rqt_abc) StdoutLine: {'line': b'-- Found Python3: /usr/bin/python3 (found version "3.10.12") found components: Interpreter \n'}
[1.303997] (-) TimerEvent: {}
[1.404464] (-) TimerEvent: {}
[1.461156] (rqt_abc) StderrLine: {'line': b"Error parsing '/home/yugo/ros2_ws/src/rqt_abc/package.xml':\n"}
[1.504665] (-) TimerEvent: {}
[1.524666] (rqt_abc) StderrLine: {'line': b'Traceback (most recent call last):\n'}
[1.524808] (rqt_abc) StderrLine: {'line': b'  File "/usr/lib/python3/dist-packages/catkin_pkg/package.py", line 610, in parse_package_string\n'}
[1.526323] (rqt_abc) StderrLine: {'line': b'    root = dom.parseString(data)\n'}
[1.526430] (rqt_abc) StderrLine: {'line': b'  File "/usr/lib/python3.10/xml/dom/minidom.py", line 2000, in parseString\n'}
[1.528287] (rqt_abc) StderrLine: {'line': b'    return expatbuilder.parseString(string)\n'}
[1.528431] (rqt_abc) StderrLine: {'line': b'  File "/usr/lib/python3.10/xml/dom/expatbuilder.py", line 925, in parseString\n'}
[1.529179] (rqt_abc) StderrLine: {'line': b'    return builder.parseString(string)\n'}
[1.529332] (rqt_abc) StderrLine: {'line': b'  File "/usr/lib/python3.10/xml/dom/expatbuilder.py", line 223, in parseString\n'}
[1.529584] (rqt_abc) StderrLine: {'line': b'    parser.Parse(string, True)\n'}
[1.529681] (rqt_abc) StderrLine: {'line': b'xml.parsers.expat.ExpatError: junk after document element: line 25, column 0\n'}
[1.529748] (rqt_abc) StderrLine: {'line': b'\n'}
[1.529810] (rqt_abc) StderrLine: {'line': b'During handling of the above exception, another exception occurred:\n'}
[1.529870] (rqt_abc) StderrLine: {'line': b'\n'}
[1.529930] (rqt_abc) StderrLine: {'line': b'Traceback (most recent call last):\n'}
[1.529990] (rqt_abc) StderrLine: {'line': b'  File "/opt/ros/humble/share/ament_cmake_core/cmake/core/package_xml_2_cmake.py", line 150, in <module>\n'}
[1.530049] (rqt_abc) StderrLine: {'line': b'    main()\n'}
[1.530107] (rqt_abc) StderrLine: {'line': b'  File "/opt/ros/humble/share/ament_cmake_core/cmake/core/package_xml_2_cmake.py", line 53, in main\n'}
[1.530167] (rqt_abc) StderrLine: {'line': b'    raise e\n'}
[1.530226] (rqt_abc) StderrLine: {'line': b'  File "/opt/ros/humble/share/ament_cmake_core/cmake/core/package_xml_2_cmake.py", line 49, in main\n'}
[1.530284] (rqt_abc) StderrLine: {'line': b'    package = parse_package_string(\n'}
[1.530342] (rqt_abc) StderrLine: {'line': b'  File "/usr/lib/python3/dist-packages/catkin_pkg/package.py", line 612, in parse_package_string\n'}
[1.530409] (rqt_abc) StderrLine: {'line': b"    raise InvalidPackage('The manifest contains invalid XML:\\n%s' % ex, filename)\n"}
[1.530468] (rqt_abc) StderrLine: {'line': b"catkin_pkg.package.InvalidPackage: Error(s) in package '/home/yugo/ros2_ws/src/rqt_abc/package.xml':\n"}
[1.530526] (rqt_abc) StderrLine: {'line': b'The manifest contains invalid XML:\n'}
[1.530584] (rqt_abc) StderrLine: {'line': b'junk after document element: line 25, column 0\n'}
[1.543767] (rqt_abc) StderrLine: {'line': b'\x1b[31mCMake Error at /opt/ros/humble/share/ament_cmake_core/cmake/core/ament_package_xml.cmake:95 (message):\n'}
[1.543921] (rqt_abc) StderrLine: {'line': b'  execute_process(/usr/bin/python3\n'}
[1.544139] (rqt_abc) StderrLine: {'line': b'  /opt/ros/humble/share/ament_cmake_core/cmake/core/package_xml_2_cmake.py\n'}
[1.544360] (rqt_abc) StderrLine: {'line': b'  /home/yugo/ros2_ws/src/rqt_abc/package.xml\n'}
[1.544521] (rqt_abc) StderrLine: {'line': b'  /home/yugo/ros2_ws/src/rqt_abc/build/rqt_abc/ament_cmake_core/package.cmake)\n'}
[1.544708] (rqt_abc) StderrLine: {'line': b'  returned error code 1\n'}
[1.544906] (rqt_abc) StderrLine: {'line': b'Call Stack (most recent call first):\n'}
[1.545105] (rqt_abc) StderrLine: {'line': b'  /opt/ros/humble/share/ament_cmake_core/cmake/core/ament_package_xml.cmake:49 (_ament_package_xml)\n'}
[1.545303] (rqt_abc) StderrLine: {'line': b'  /opt/ros/humble/share/ament_cmake_python/cmake/ament_python_install_package.cmake:60 (ament_package_xml)\n'}
[1.545502] (rqt_abc) StderrLine: {'line': b'  /opt/ros/humble/share/ament_cmake_python/cmake/ament_python_install_package.cmake:39 (_ament_cmake_python_install_package)\n'}
[1.545702] (rqt_abc) StderrLine: {'line': b'  CMakeLists.txt:8 (ament_python_install_package)\n'}
[1.545900] (rqt_abc) StderrLine: {'line': b'\n'}
[1.546110] (rqt_abc) StderrLine: {'line': b'\x1b[0m\n'}
[1.546464] (rqt_abc) StdoutLine: {'line': b'-- Configuring incomplete, errors occurred!\n'}
[1.546617] (rqt_abc) StdoutLine: {'line': b'See also "/home/yugo/ros2_ws/src/rqt_abc/build/rqt_abc/CMakeFiles/CMakeOutput.log".\n'}
[1.548846] (rqt_abc) CommandEnded: {'returncode': 1}
[1.549651] (rqt_abc) JobEnded: {'identifier': 'rqt_abc', 'rc': 1}
[1.560395] (-) EventReactorShutdown: {}
