[0.017s] Invoking command in '/home/yugo/ros2_ws/src/rqt_abc/build/rqt_abc': /usr/bin/cmake /home/yugo/ros2_ws/src/rqt_abc -DCMAKE_INSTALL_PREFIX=/home/yugo/ros2_ws/src/rqt_abc/install/rqt_abc
[0.382s] -- The C compiler identification is GNU 11.4.0
[0.716s] -- The CXX compiler identification is GNU 11.4.0
[0.831s] -- Detecting C compiler ABI info
[0.943s] -- Detecting C compiler ABI info - done
[0.949s] -- Check for working C compiler: /usr/bin/cc - skipped
[0.950s] -- Detecting C compile features
[0.951s] -- Detecting C compile features - done
[0.956s] -- Detecting CXX compiler ABI info
[1.060s] -- Detecting CXX compiler ABI info - done
[1.066s] -- Check for working CXX compiler: /usr/bin/c++ - skipped
[1.067s] -- Detecting CXX compile features
[1.067s] -- Detecting CXX compile features - done
[1.086s] -- Found ament_cmake: 1.3.9 (/opt/ros/humble/share/ament_cmake/cmake)
[1.277s] -- Found Python3: /usr/bin/python3 (found version "3.10.12") found components: Interpreter 
[1.459s] Error parsing '/home/yugo/ros2_ws/src/rqt_abc/package.xml':
[1.523s] Traceback (most recent call last):
[1.523s]   File "/usr/lib/python3/dist-packages/catkin_pkg/package.py", line 610, in parse_package_string
[1.524s]     root = dom.parseString(data)
[1.525s]   File "/usr/lib/python3.10/xml/dom/minidom.py", line 2000, in parseString
[1.526s]     return expatbuilder.parseString(string)
[1.527s]   File "/usr/lib/python3.10/xml/dom/expatbuilder.py", line 925, in parseString
[1.527s]     return builder.parseString(string)
[1.528s]   File "/usr/lib/python3.10/xml/dom/expatbuilder.py", line 223, in parseString
[1.528s]     parser.Parse(string, True)
[1.528s] xml.parsers.expat.ExpatError: junk after document element: line 25, column 0
[1.528s] 
[1.528s] During handling of the above exception, another exception occurred:
[1.528s] 
[1.528s] Traceback (most recent call last):
[1.528s]   File "/opt/ros/humble/share/ament_cmake_core/cmake/core/package_xml_2_cmake.py", line 150, in <module>
[1.528s]     main()
[1.528s]   File "/opt/ros/humble/share/ament_cmake_core/cmake/core/package_xml_2_cmake.py", line 53, in main
[1.528s]     raise e
[1.528s]   File "/opt/ros/humble/share/ament_cmake_core/cmake/core/package_xml_2_cmake.py", line 49, in main
[1.528s]     package = parse_package_string(
[1.528s]   File "/usr/lib/python3/dist-packages/catkin_pkg/package.py", line 612, in parse_package_string
[1.529s]     raise InvalidPackage('The manifest contains invalid XML:\n%s' % ex, filename)
[1.529s] catkin_pkg.package.InvalidPackage: Error(s) in package '/home/yugo/ros2_ws/src/rqt_abc/package.xml':
[1.529s] The manifest contains invalid XML:
[1.529s] junk after document element: line 25, column 0
[1.542s] [31mCMake Error at /opt/ros/humble/share/ament_cmake_core/cmake/core/ament_package_xml.cmake:95 (message):
[1.542s]   execute_process(/usr/bin/python3
[1.542s]   /opt/ros/humble/share/ament_cmake_core/cmake/core/package_xml_2_cmake.py
[1.543s]   /home/yugo/ros2_ws/src/rqt_abc/package.xml
[1.543s]   /home/yugo/ros2_ws/src/rqt_abc/build/rqt_abc/ament_cmake_core/package.cmake)
[1.543s]   returned error code 1
[1.543s] Call Stack (most recent call first):
[1.543s]   /opt/ros/humble/share/ament_cmake_core/cmake/core/ament_package_xml.cmake:49 (_ament_package_xml)
[1.544s]   /opt/ros/humble/share/ament_cmake_python/cmake/ament_python_install_package.cmake:60 (ament_package_xml)
[1.544s]   /opt/ros/humble/share/ament_cmake_python/cmake/ament_python_install_package.cmake:39 (_ament_cmake_python_install_package)
[1.544s]   CMakeLists.txt:8 (ament_python_install_package)
[1.544s] 
[1.544s] [0m
[1.545s] -- Configuring incomplete, errors occurred!
[1.545s] See also "/home/yugo/ros2_ws/src/rqt_abc/build/rqt_abc/CMakeFiles/CMakeOutput.log".
[1.547s] Invoked command in '/home/yugo/ros2_ws/src/rqt_abc/build/rqt_abc' returned '1': /usr/bin/cmake /home/yugo/ros2_ws/src/rqt_abc -DCMAKE_INSTALL_PREFIX=/home/yugo/ros2_ws/src/rqt_abc/install/rqt_abc
